// Jest Snapshot v1, https://goo.gl/fbAQLP

exports[`Rangepicker Component matches the snapshot 1`] = `
{
  "asFragment": [Function],
  "baseElement": <body>
    <div>
      <div
        class="sc-eDLKkx iIGyiZ"
      >
        <div
          class="sc-guDLey bAKPwX"
          flexflow="column nowrap"
          gap="8px"
        >
          <div
            class="sc-guDLey bAKPwX"
            flexflow="column nowrap"
            gap="8px"
          >
            <div
              class="sc-qZrbh dCuewT"
            >
              From
            </div>
            <div
              class="sc-jsEeTM bOsTEI"
              data-testid="From-input-container"
            >
              <img
                class="sc-jTQCzO iYVWsV"
                src="[object Object]"
              />
              <input
                class="sc-kFCroH fKARsL"
                data-testid="date-input"
                placeholder="Select date"
                readonly=""
                type="text"
                value="DD/MM/YYYY"
              />
              <img
                class="sc-jTQCzO iYVWsV"
                src="[object Object]"
              />
            </div>
          </div>
          <div
            class="sc-guDLey bAKPwX"
            flexflow="column nowrap"
            gap="8px"
          >
            <div
              class="sc-qZrbh dCuewT"
            >
              To
            </div>
            <div
              class="sc-jsEeTM bOsTEI"
              data-testid="To-input-container"
            >
              <img
                class="sc-jTQCzO iYVWsV"
                src="[object Object]"
              />
              <input
                class="sc-kFCroH fKARsL"
                data-testid="date-input"
                placeholder="Select date"
                readonly=""
                type="text"
                value="DD/MM/YYYY"
              />
              <img
                class="sc-jTQCzO iYVWsV"
                src="[object Object]"
              />
            </div>
          </div>
        </div>
        <div
          class="sc-dmyCSP bFbSAt"
        />
      </div>
    </div>
  </body>,
  "container": <div>
    <div
      class="sc-eDLKkx iIGyiZ"
    >
      <div
        class="sc-guDLey bAKPwX"
        flexflow="column nowrap"
        gap="8px"
      >
        <div
          class="sc-guDLey bAKPwX"
          flexflow="column nowrap"
          gap="8px"
        >
          <div
            class="sc-qZrbh dCuewT"
          >
            From
          </div>
          <div
            class="sc-jsEeTM bOsTEI"
            data-testid="From-input-container"
          >
            <img
              class="sc-jTQCzO iYVWsV"
              src="[object Object]"
            />
            <input
              class="sc-kFCroH fKARsL"
              data-testid="date-input"
              placeholder="Select date"
              readonly=""
              type="text"
              value="DD/MM/YYYY"
            />
            <img
              class="sc-jTQCzO iYVWsV"
              src="[object Object]"
            />
          </div>
        </div>
        <div
          class="sc-guDLey bAKPwX"
          flexflow="column nowrap"
          gap="8px"
        >
          <div
            class="sc-qZrbh dCuewT"
          >
            To
          </div>
          <div
            class="sc-jsEeTM bOsTEI"
            data-testid="To-input-container"
          >
            <img
              class="sc-jTQCzO iYVWsV"
              src="[object Object]"
            />
            <input
              class="sc-kFCroH fKARsL"
              data-testid="date-input"
              placeholder="Select date"
              readonly=""
              type="text"
              value="DD/MM/YYYY"
            />
            <img
              class="sc-jTQCzO iYVWsV"
              src="[object Object]"
            />
          </div>
        </div>
      </div>
      <div
        class="sc-dmyCSP bFbSAt"
      />
    </div>
  </div>,
  "debug": [Function],
  "findAllByAltText": [Function],
  "findAllByDisplayValue": [Function],
  "findAllByLabelText": [Function],
  "findAllByPlaceholderText": [Function],
  "findAllByRole": [Function],
  "findAllByTestId": [Function],
  "findAllByText": [Function],
  "findAllByTitle": [Function],
  "findByAltText": [Function],
  "findByDisplayValue": [Function],
  "findByLabelText": [Function],
  "findByPlaceholderText": [Function],
  "findByRole": [Function],
  "findByTestId": [Function],
  "findByText": [Function],
  "findByTitle": [Function],
  "getAllByAltText": [Function],
  "getAllByDisplayValue": [Function],
  "getAllByLabelText": [Function],
  "getAllByPlaceholderText": [Function],
  "getAllByRole": [Function],
  "getAllByTestId": [Function],
  "getAllByText": [Function],
  "getAllByTitle": [Function],
  "getByAltText": [Function],
  "getByDisplayValue": [Function],
  "getByLabelText": [Function],
  "getByPlaceholderText": [Function],
  "getByRole": [Function],
  "getByTestId": [Function],
  "getByText": [Function],
  "getByTitle": [Function],
  "queryAllByAltText": [Function],
  "queryAllByDisplayValue": [Function],
  "queryAllByLabelText": [Function],
  "queryAllByPlaceholderText": [Function],
  "queryAllByRole": [Function],
  "queryAllByTestId": [Function],
  "queryAllByText": [Function],
  "queryAllByTitle": [Function],
  "queryByAltText": [Function],
  "queryByDisplayValue": [Function],
  "queryByLabelText": [Function],
  "queryByPlaceholderText": [Function],
  "queryByRole": [Function],
  "queryByTestId": [Function],
  "queryByText": [Function],
  "queryByTitle": [Function],
  "rerender": [Function],
  "unmount": [Function],
}
`;
